C:\Users\Lauta\Documents\MCUXpressoIDE_11.6.1_8255\workspace\FlexCanNonBlocking\drivers/fsl_gpio.h:162:20:GPIO_PinWrite	24	static
C:\Users\Lauta\Documents\MCUXpressoIDE_11.6.1_8255\workspace\FlexCanNonBlocking\drivers/fsl_gpio.h:221:20:GPIO_PortToggle	16	static
C:\Users\Lauta\Documents\MCUXpressoIDE_11.6.1_8255\workspace\FlexCanNonBlocking\drivers/fsl_pit.h:207:24:PIT_GetStatusFlags	16	static
C:\Users\Lauta\Documents\MCUXpressoIDE_11.6.1_8255\workspace\FlexCanNonBlocking\drivers/fsl_pit.h:220:20:PIT_ClearStatusFlags	24	static
../source/FlexCanNonBlocking.c:72:5:main	8	static
../source/FlexCanNonBlocking.c:166:13:flexcan_callback	24	static
../source/FlexCanNonBlocking.c:229:6:PIT0_IRQHandler	16	static
